66.249.79.220 - - [01/Apr/2021:09:49:21 +0000] "GET /images/icons/footer-location.svg HTTP/1.1" 200 1034 "http://www.solucionesyservicios.com.ar/" "Mozilla/5.0 (Linux; Android 6.0.1; Nexus 5X Build/MMB29P) AppleWebKit/537.36 (KHTML, like Gecko) Chrome/89.0.4389.99 Mobile Safari/537.36 (compatible; Googlebot/2.1; +http://www.google.com/bot.html)"
66.249.79.220 - - [01/Apr/2021:09:49:21 +0000] "GET /images/icons/whatsapp.svg HTTP/1.1" 200 1856 "http://www.solucionesyservicios.com.ar/" "Mozilla/5.0 (Linux; Android 6.0.1; Nexus 5X Build/MMB29P) AppleWebKit/537.36 (KHTML, like Gecko) Chrome/89.0.4389.99 Mobile Safari/537.36 (compatible; Googlebot/2.1; +http://www.google.com/bot.html)"
66.249.79.220 - - [01/Apr/2021:09:49:22 +0000] "GET /images/icons/honestidad.svg HTTP/1.1" 200 1359 "http://www.solucionesyservicios.com.ar/" "Mozilla/5.0 (Linux; Android 6.0.1; Nexus 5X Build/MMB29P) AppleWebKit/537.36 (KHTML, like Gecko) Chrome/89.0.4389.99 Mobile Safari/537.36 (compatible; Googlebot/2.1; +http://www.google.com/bot.html)"
66.249.79.194 - - [01/Apr/2021:09:49:22 +0000] "GET /images/icons/facebook.svg HTTP/1.1" 200 656 "http://www.solucionesyservicios.com.ar/" "Mozilla/5.0 (Linux; Android 6.0.1; Nexus 5X Build/MMB29P) AppleWebKit/537.36 (KHTML, like Gecko) Chrome/89.0.4389.99 Mobile Safari/537.36 (compatible; Googlebot/2.1; +http://www.google.com/bot.html)"
66.249.79.197 - - [01/Apr/2021:09:49:23 +0000] "GET /images/logo-horizontal-white.svg HTTP/1.1" 200 9493 "http://www.solucionesyservicios.com.ar/" "Mozilla/5.0 (Linux; Android 6.0.1; Nexus 5X Build/MMB29P) AppleWebKit/537.36 (KHTML, like Gecko) Chrome/89.0.4389.99 Mobile Safari/537.36 (compatible; Googlebot/2.1; +http://www.google.com/bot.html)"
66.249.79.220 - - [01/Apr/2021:09:49:23 +0000] "GET /images/icons/limpieza.svg HTTP/1.1" 200 3420 "http://www.solucionesyservicios.com.ar/" "Mozilla/5.0 (Linux; Android 6.0.1; Nexus 5X Build/MMB29P) AppleWebKit/537.36 (KHTML, like Gecko) Chrome/89.0.4389.99 Mobile Safari/537.36 (compatible; Googlebot/2.1; +http://www.google.com/bot.html)"
66.249.79.194 - - [01/Apr/2021:09:49:24 +0000] "GET /images/icons/confianza.svg HTTP/1.1" 200 2781 "http://www.solucionesyservicios.com.ar/" "Mozilla/5.0 (Linux; Android 6.0.1; Nexus 5X Build/MMB29P) AppleWebKit/537.36 (KHTML, like Gecko) Chrome/89.0.4389.99 Mobile Safari/537.36 (compatible; Googlebot/2.1; +http://www.google.com/bot.html)"
66.249.79.220 - - [01/Apr/2021:09:49:24 +0000] "GET /images/icons/footer-email.svg HTTP/1.1" 200 1199 "http://www.solucionesyservicios.com.ar/" "Mozilla/5.0 (Linux; Android 6.0.1; Nexus 5X Build/MMB29P) AppleWebKit/537.36 (KHTML, like Gecko) Chrome/89.0.4389.99 Mobile Safari/537.36 (compatible; Googlebot/2.1; +http://www.google.com/bot.html)"
66.249.79.194 - - [01/Apr/2021:09:49:24 +0000] "GET /images/icons/piscina.svg HTTP/1.1" 200 2577 "http://www.solucionesyservicios.com.ar/" "Mozilla/5.0 (Linux; Android 6.0.1; Nexus 5X Build/MMB29P) AppleWebKit/537.36 (KHTML, like Gecko) Chrome/89.0.4389.99 Mobile Safari/537.36 (compatible; Googlebot/2.1; +http://www.google.com/bot.html)"
66.249.79.197 - - [01/Apr/2021:09:49:25 +0000] "GET /images/logo-vertical-white.svg HTTP/1.1" 200 9582 "http://www.solucionesyservicios.com.ar/" "Mozilla/5.0 (Linux; Android 6.0.1; Nexus 5X Build/MMB29P) AppleWebKit/537.36 (KHTML, like Gecko) Chrome/89.0.4389.99 Mobile Safari/537.36 (compatible; Googlebot/2.1; +http://www.google.com/bot.html)"
66.249.79.197 - - [01/Apr/2021:09:49:25 +0000] "GET /images/icons/smartphone.svg HTTP/1.1" 200 757 "http://www.solucionesyservicios.com.ar/" "Mozilla/5.0 (Linux; Android 6.0.1; Nexus 5X Build/MMB29P) AppleWebKit/537.36 (KHTML, like Gecko) Chrome/89.0.4389.99 Mobile Safari/537.36 (compatible; Googlebot/2.1; +http://www.google.com/bot.html)"
54.145.31.24 - - [01/Apr/2021:09:58:26 +0000] "GET / HTTP/1.1" 200 17571 "-" "-"
66.249.79.168 - - [01/Apr/2021:11:29:06 +0000] "GET / HTTP/1.1" 200 17691 "-" "Mozilla/5.0 (compatible; Googlebot/2.1; +http://www.google.com/bot.html)"
66.249.69.194 - - [01/Apr/2021:12:21:39 +0000] "GET / HTTP/1.1" 200 17691 "-" "Mozilla/5.0 (compatible; Googlebot/2.1; +http://www.google.com/bot.html)"
114.119.141.77 - - [01/Apr/2021:14:37:06 +0000] "GET /robots.txt HTTP/1.1" 200 24 "-" "(compatible;PetalBot;+https://aspiegel.com/petalbot)"
181.171.73.213 - - [01/Apr/2021:14:41:20 +0000] "GET / HTTP/1.1" 200 17691 "http://www.google.com/" "Mozilla/5.0 (Linux; Android 7.0; LG-M250) AppleWebKit/537.36 (KHTML, like Gecko) Chrome/89.0.4389.105 Mobile Safari/537.36"
181.171.73.213 - - [01/Apr/2021:14:41:21 +0000] "GET /css/icomoon/style.css HTTP/1.1" 200 888 "http://www.solucionesyservicios.com.ar/" "Mozilla/5.0 (Linux; Android 7.0; LG-M250) AppleWebKit/537.36 (KHTML, like Gecko) Chrome/89.0.4389.105 Mobile Safari/537.36"
181.171.73.213 - - [01/Apr/2021:14:41:20 +0000] "GET /js/app.js HTTP/1.1" 200 611223 "http://www.solucionesyservicios.com.ar/" "Mozilla/5.0 (Linux; Android 7.0; LG-M250) AppleWebKit/537.36 (KHTML, like Gecko) Chrome/89.0.4389.105 Mobile Safari/537.36"
181.171.73.213 - - [01/Apr/2021:14:41:22 +0000] "GET /css/icomoon/fonts/icomoon.ttf?q69hj2 HTTP/1.1" 200 1272 "http://www.solucionesyservicios.com.ar/css/icomoon/style.css" "Mozilla/5.0 (Linux; Android 7.0; LG-M250) AppleWebKit/537.36 (KHTML, like Gecko) Chrome/89.0.4389.105 Mobile Safari/537.36"
181.171.73.213 - - [01/Apr/2021:14:41:20 +0000] "GET /css/app.css HTTP/1.1" 200 4214480 "http://www.solucionesyservicios.com.ar/" "Mozilla/5.0 (Linux; Android 7.0; LG-M250) AppleWebKit/537.36 (KHTML, like Gecko) Chrome/89.0.4389.105 Mobile Safari/537.36"
181.171.73.213 - - [01/Apr/2021:14:41:28 +0000] "GET /images/logo-horizontal.svg HTTP/1.1" 200 9571 "http://www.solucionesyservicios.com.ar/" "Mozilla/5.0 (Linux; Android 7.0; LG-M250) AppleWebKit/537.36 (KHTML, like Gecko) Chrome/89.0.4389.105 Mobile Safari/537.36"
181.171.73.213 - - [01/Apr/2021:14:41:28 +0000] "GET /images/icons/smartphone.svg HTTP/1.1" 200 757 "http://www.solucionesyservicios.com.ar/" "Mozilla/5.0 (Linux; Android 7.0; LG-M250) AppleWebKit/537.36 (KHTML, like Gecko) Chrome/89.0.4389.105 Mobile Safari/537.36"
181.171.73.213 - - [01/Apr/2021:14:41:28 +0000] "GET /images/icons/instagram.svg HTTP/1.1" 200 1232 "http://www.solucionesyservicios.com.ar/" "Mozilla/5.0 (Linux; Android 7.0; LG-M250) AppleWebKit/537.36 (KHTML, like Gecko) Chrome/89.0.4389.105 Mobile Safari/537.36"
181.171.73.213 - - [01/Apr/2021:14:41:28 +0000] "GET /images/icons/facebook.svg HTTP/1.1" 200 656 "http://www.solucionesyservicios.com.ar/" "Mozilla/5.0 (Linux; Android 7.0; LG-M250) AppleWebKit/537.36 (KHTML, like Gecko) Chrome/89.0.4389.105 Mobile Safari/537.36"
181.171.73.213 - - [01/Apr/2021:14:41:28 +0000] "GET /images/about-us.webp HTTP/1.1" 200 59118 "http://www.solucionesyservicios.com.ar/" "Mozilla/5.0 (Linux; Android 7.0; LG-M250) AppleWebKit/537.36 (KHTML, like Gecko) Chrome/89.0.4389.105 Mobile Safari/537.36"
181.171.73.213 - - [01/Apr/2021:14:41:28 +0000] "GET /images/icons/calidad.svg HTTP/1.1" 200 2040 "http://www.solucionesyservicios.com.ar/" "Mozilla/5.0 (Linux; Android 7.0; LG-M250) AppleWebKit/537.36 (KHTML, like Gecko) Chrome/89.0.4389.105 Mobile Safari/537.36"
181.171.73.213 - - [01/Apr/2021:14:41:28 +0000] "GET /images/cover.webp HTTP/1.1" 200 66298 "http://www.solucionesyservicios.com.ar/" "Mozilla/5.0 (Linux; Android 7.0; LG-M250) AppleWebKit/537.36 (KHTML, like Gecko) Chrome/89.0.4389.105 Mobile Safari/537.36"
181.171.73.213 - - [01/Apr/2021:14:41:28 +0000] "GET /images/icons/confianza.svg HTTP/1.1" 200 2781 "http://www.solucionesyservicios.com.ar/" "Mozilla/5.0 (Linux; Android 7.0; LG-M250) AppleWebKit/537.36 (KHTML, like Gecko) Chrome/89.0.4389.105 Mobile Safari/537.36"
181.171.73.213 - - [01/Apr/2021:14:41:28 +0000] "GET /images/icons/honestidad.svg HTTP/1.1" 200 1359 "http://www.solucionesyservicios.com.ar/" "Mozilla/5.0 (Linux; Android 7.0; LG-M250) AppleWebKit/537.36 (KHTML, like Gecko) Chrome/89.0.4389.105 Mobile Safari/537.36"
181.171.73.213 - - [01/Apr/2021:14:41:28 +0000] "GET /images/icons/limpieza.svg HTTP/1.1" 200 3420 "http://www.solucionesyservicios.com.ar/" "Mozilla/5.0 (Linux; Android 7.0; LG-M250) AppleWebKit/537.36 (KHTML, like Gecko) Chrome/89.0.4389.105 Mobile Safari/537.36"
181.171.73.213 - - [01/Apr/2021:14:41:28 +0000] "GET /images/icons/piscina.svg HTTP/1.1" 200 2577 "http://www.solucionesyservicios.com.ar/" "Mozilla/5.0 (Linux; Android 7.0; LG-M250) AppleWebKit/537.36 (KHTML, like Gecko) Chrome/89.0.4389.105 Mobile Safari/537.36"
181.171.73.213 - - [01/Apr/2021:14:41:28 +0000] "GET /images/logo-vertical-white.svg HTTP/1.1" 200 9582 "http://www.solucionesyservicios.com.ar/" "Mozilla/5.0 (Linux; Android 7.0; LG-M250) AppleWebKit/537.36 (KHTML, like Gecko) Chrome/89.0.4389.105 Mobile Safari/537.36"
181.171.73.213 - - [01/Apr/2021:14:41:29 +0000] "GET /favicon.ico HTTP/1.1" 200 - "http://www.solucionesyservicios.com.ar/" "Mozilla/5.0 (Linux; Android 7.0; LG-M250) AppleWebKit/537.36 (KHTML, like Gecko) Chrome/89.0.4389.105 Mobile Safari/537.36"
181.171.73.213 - - [01/Apr/2021:14:41:44 +0000] "GET /images/icons/mantenimiento-edificios.svg HTTP/1.1" 200 5765 "http://www.solucionesyservicios.com.ar/" "Mozilla/5.0 (Linux; Android 7.0; LG-M250) AppleWebKit/537.36 (KHTML, like Gecko) Chrome/89.0.4389.105 Mobile Safari/537.36"
181.171.73.213 - - [01/Apr/2021:14:41:45 +0000] "GET /images/icons/jardineria.svg HTTP/1.1" 200 3216 "http://www.solucionesyservicios.com.ar/" "Mozilla/5.0 (Linux; Android 7.0; LG-M250) AppleWebKit/537.36 (KHTML, like Gecko) Chrome/89.0.4389.105 Mobile Safari/537.36"
181.171.73.213 - - [01/Apr/2021:14:41:46 +0000] "GET /images/contacto.webp HTTP/1.1" 200 45078 "http://www.solucionesyservicios.com.ar/" "Mozilla/5.0 (Linux; Android 7.0; LG-M250) AppleWebKit/537.36 (KHTML, like Gecko) Chrome/89.0.4389.105 Mobile Safari/537.36"
181.171.73.213 - - [01/Apr/2021:14:41:54 +0000] "GET /images/icons/email.svg HTTP/1.1" 200 1984 "http://www.solucionesyservicios.com.ar/" "Mozilla/5.0 (Linux; Android 7.0; LG-M250) AppleWebKit/537.36 (KHTML, like Gecko) Chrome/89.0.4389.105 Mobile Safari/537.36"
181.171.73.213 - - [01/Apr/2021:14:41:54 +0000] "GET /images/icons/whatsapp.svg HTTP/1.1" 200 1856 "http://www.solucionesyservicios.com.ar/" "Mozilla/5.0 (Linux; Android 7.0; LG-M250) AppleWebKit/537.36 (KHTML, like Gecko) Chrome/89.0.4389.105 Mobile Safari/537.36"
181.171.73.213 - - [01/Apr/2021:14:41:55 +0000] "GET /images/area-hogar.webp HTTP/1.1" 200 49080 "http://www.solucionesyservicios.com.ar/" "Mozilla/5.0 (Linux; Android 7.0; LG-M250) AppleWebKit/537.36 (KHTML, like Gecko) Chrome/89.0.4389.105 Mobile Safari/537.36"
181.171.73.213 - - [01/Apr/2021:14:41:56 +0000] "GET /images/area-industria.webp HTTP/1.1" 200 75660 "http://www.solucionesyservicios.com.ar/" "Mozilla/5.0 (Linux; Android 7.0; LG-M250) AppleWebKit/537.36 (KHTML, like Gecko) Chrome/89.0.4389.105 Mobile Safari/537.36"
181.171.73.213 - - [01/Apr/2021:14:41:56 +0000] "GET /images/area-sanatorio.webp HTTP/1.1" 200 34614 "http://www.solucionesyservicios.com.ar/" "Mozilla/5.0 (Linux; Android 7.0; LG-M250) AppleWebKit/537.36 (KHTML, like Gecko) Chrome/89.0.4389.105 Mobile Safari/537.36"
181.171.73.213 - - [01/Apr/2021:14:41:56 +0000] "GET /images/area-edificio.webp HTTP/1.1" 200 74128 "http://www.solucionesyservicios.com.ar/" "Mozilla/5.0 (Linux; Android 7.0; LG-M250) AppleWebKit/537.36 (KHTML, like Gecko) Chrome/89.0.4389.105 Mobile Safari/537.36"
181.171.73.213 - - [01/Apr/2021:14:41:57 +0000] "GET /images/logo-horizontal-white.svg HTTP/1.1" 200 9493 "http://www.solucionesyservicios.com.ar/" "Mozilla/5.0 (Linux; Android 7.0; LG-M250) AppleWebKit/537.36 (KHTML, like Gecko) Chrome/89.0.4389.105 Mobile Safari/537.36"
181.171.73.213 - - [01/Apr/2021:14:42:00 +0000] "GET /images/icons/footer-smartphone.svg HTTP/1.1" 200 1143 "http://www.solucionesyservicios.com.ar/" "Mozilla/5.0 (Linux; Android 7.0; LG-M250) AppleWebKit/537.36 (KHTML, like Gecko) Chrome/89.0.4389.105 Mobile Safari/537.36"
181.171.73.213 - - [01/Apr/2021:14:42:00 +0000] "GET /images/icons/footer-email.svg HTTP/1.1" 200 1199 "http://www.solucionesyservicios.com.ar/" "Mozilla/5.0 (Linux; Android 7.0; LG-M250) AppleWebKit/537.36 (KHTML, like Gecko) Chrome/89.0.4389.105 Mobile Safari/537.36"
181.171.73.213 - - [01/Apr/2021:14:42:00 +0000] "GET /images/icons/footer-location.svg HTTP/1.1" 200 1034 "http://www.solucionesyservicios.com.ar/" "Mozilla/5.0 (Linux; Android 7.0; LG-M250) AppleWebKit/537.36 (KHTML, like Gecko) Chrome/89.0.4389.105 Mobile Safari/537.36"
66.249.69.5 - - [01/Apr/2021:14:42:37 +0000] "GET /images/icons/piscina.svg HTTP/1.1" 200 2577 "-" "Googlebot-Image/1.0"
66.249.69.5 - - [01/Apr/2021:15:00:24 +0000] "GET /images/icons/honestidad.svg HTTP/1.1" 200 1359 "-" "Googlebot-Image/1.0"
66.249.69.5 - - [01/Apr/2021:15:59:26 +0000] "GET /images/about-us.webp HTTP/1.1" 200 59118 "-" "Googlebot-Image/1.0"
66.249.69.5 - - [01/Apr/2021:16:21:33 +0000] "GET / HTTP/1.1" 200 17571 "-" "Mozilla/5.0 (compatible; Googlebot/2.1; +http://www.google.com/bot.html)"
66.249.69.3 - - [01/Apr/2021:16:21:43 +0000] "GET /js/app.js HTTP/1.1" 200 611223 "http://solucionesyservicios.com.ar/" "Mozilla/5.0 AppleWebKit/537.36 (KHTML, like Gecko; compatible; Googlebot/2.1; +http://www.google.com/bot.html) Chrome/89.0.4389.99 Safari/537.36"
66.249.69.3 - - [01/Apr/2021:16:21:43 +0000] "GET /images/icons/calidad.svg HTTP/1.1" 200 2040 "http://solucionesyservicios.com.ar/" "Mozilla/5.0 AppleWebKit/537.36 (KHTML, like Gecko; compatible; Googlebot/2.1; +http://www.google.com/bot.html) Chrome/89.0.4389.99 Safari/537.36"
66.249.69.5 - - [01/Apr/2021:16:21:44 +0000] "GET /images/logo-horizontal.svg HTTP/1.1" 200 9571 "http://solucionesyservicios.com.ar/" "Mozilla/5.0 AppleWebKit/537.36 (KHTML, like Gecko; compatible; Googlebot/2.1; +http://www.google.com/bot.html) Chrome/89.0.4389.99 Safari/537.36"
66.249.69.5 - - [01/Apr/2021:16:21:44 +0000] "GET /images/logo-vertical-white.svg HTTP/1.1" 200 9582 "http://solucionesyservicios.com.ar/" "Mozilla/5.0 AppleWebKit/537.36 (KHTML, like Gecko; compatible; Googlebot/2.1; +http://www.google.com/bot.html) Chrome/89.0.4389.99 Safari/537.36"
66.249.69.5 - - [01/Apr/2021:16:21:45 +0000] "GET /images/icons/smartphone.svg HTTP/1.1" 200 757 "http://solucionesyservicios.com.ar/" "Mozilla/5.0 AppleWebKit/537.36 (KHTML, like Gecko; compatible; Googlebot/2.1; +http://www.google.com/bot.html) Chrome/89.0.4389.99 Safari/537.36"
66.249.69.5 - - [01/Apr/2021:16:21:45 +0000] "GET /images/icons/facebook.svg HTTP/1.1" 200 656 "http://solucionesyservicios.com.ar/" "Mozilla/5.0 AppleWebKit/537.36 (KHTML, like Gecko; compatible; Googlebot/2.1; +http://www.google.com/bot.html) Chrome/89.0.4389.99 Safari/537.36"
66.249.69.3 - - [01/Apr/2021:16:21:46 +0000] "GET /css/app.css HTTP/1.1" 200 4214480 "http://solucionesyservicios.com.ar/" "Mozilla/5.0 AppleWebKit/537.36 (KHTML, like Gecko; compatible; Googlebot/2.1; +http://www.google.com/bot.html) Chrome/89.0.4389.99 Safari/537.36"
66.249.69.5 - - [01/Apr/2021:16:21:46 +0000] "GET /images/icons/email.svg HTTP/1.1" 200 1984 "http://solucionesyservicios.com.ar/" "Mozilla/5.0 AppleWebKit/537.36 (KHTML, like Gecko; compatible; Googlebot/2.1; +http://www.google.com/bot.html) Chrome/89.0.4389.99 Safari/537.36"
66.249.69.5 - - [01/Apr/2021:16:21:47 +0000] "GET /images/icons/instagram.svg HTTP/1.1" 200 1232 "http://solucionesyservicios.com.ar/" "Mozilla/5.0 AppleWebKit/537.36 (KHTML, like Gecko; compatible; Googlebot/2.1; +http://www.google.com/bot.html) Chrome/89.0.4389.99 Safari/537.36"
66.249.69.7 - - [01/Apr/2021:16:21:47 +0000] "GET /images/icons/honestidad.svg HTTP/1.1" 200 1359 "http://solucionesyservicios.com.ar/" "Mozilla/5.0 AppleWebKit/537.36 (KHTML, like Gecko; compatible; Googlebot/2.1; +http://www.google.com/bot.html) Chrome/89.0.4389.99 Safari/537.36"
66.249.69.5 - - [01/Apr/2021:16:21:47 +0000] "GET /images/icons/piscina.svg HTTP/1.1" 200 2577 "http://solucionesyservicios.com.ar/" "Mozilla/5.0 AppleWebKit/537.36 (KHTML, like Gecko; compatible; Googlebot/2.1; +http://www.google.com/bot.html) Chrome/89.0.4389.99 Safari/537.36"
66.249.69.7 - - [01/Apr/2021:16:21:48 +0000] "GET /css/icomoon/style.css HTTP/1.1" 200 888 "http://solucionesyservicios.com.ar/" "Mozilla/5.0 AppleWebKit/537.36 (KHTML, like Gecko; compatible; Googlebot/2.1; +http://www.google.com/bot.html) Chrome/89.0.4389.99 Safari/537.36"
66.249.69.7 - - [01/Apr/2021:16:21:48 +0000] "GET /images/icons/whatsapp.svg HTTP/1.1" 200 1856 "http://solucionesyservicios.com.ar/" "Mozilla/5.0 AppleWebKit/537.36 (KHTML, like Gecko; compatible; Googlebot/2.1; +http://www.google.com/bot.html) Chrome/89.0.4389.99 Safari/537.36"
66.249.69.9 - - [01/Apr/2021:16:21:49 +0000] "GET /images/icons/confianza.svg HTTP/1.1" 200 2781 "http://solucionesyservicios.com.ar/" "Mozilla/5.0 AppleWebKit/537.36 (KHTML, like Gecko; compatible; Googlebot/2.1; +http://www.google.com/bot.html) Chrome/89.0.4389.99 Safari/537.36"
66.249.69.3 - - [01/Apr/2021:16:21:49 +0000] "GET /images/icons/mantenimiento-edificios.svg HTTP/1.1" 200 5765 "http://solucionesyservicios.com.ar/" "Mozilla/5.0 AppleWebKit/537.36 (KHTML, like Gecko; compatible; Googlebot/2.1; +http://www.google.com/bot.html) Chrome/89.0.4389.99 Safari/537.36"
66.249.69.5 - - [01/Apr/2021:16:21:50 +0000] "GET /images/icons/footer-email.svg HTTP/1.1" 200 1199 "http://solucionesyservicios.com.ar/" "Mozilla/5.0 AppleWebKit/537.36 (KHTML, like Gecko; compatible; Googlebot/2.1; +http://www.google.com/bot.html) Chrome/89.0.4389.99 Safari/537.36"
66.249.69.7 - - [01/Apr/2021:16:21:50 +0000] "GET /images/logo-horizontal-white.svg HTTP/1.1" 200 9493 "http://solucionesyservicios.com.ar/" "Mozilla/5.0 AppleWebKit/537.36 (KHTML, like Gecko; compatible; Googlebot/2.1; +http://www.google.com/bot.html) Chrome/89.0.4389.99 Safari/537.36"
66.249.69.7 - - [01/Apr/2021:16:21:51 +0000] "GET /images/icons/footer-smartphone.svg HTTP/1.1" 200 1143 "http://solucionesyservicios.com.ar/" "Mozilla/5.0 AppleWebKit/537.36 (KHTML, like Gecko; compatible; Googlebot/2.1; +http://www.google.com/bot.html) Chrome/89.0.4389.99 Safari/537.36"
66.249.69.5 - - [01/Apr/2021:16:21:51 +0000] "GET /images/icons/footer-location.svg HTTP/1.1" 200 1034 "http://solucionesyservicios.com.ar/" "Mozilla/5.0 AppleWebKit/537.36 (KHTML, like Gecko; compatible; Googlebot/2.1; +http://www.google.com/bot.html) Chrome/89.0.4389.99 Safari/537.36"
66.249.69.7 - - [01/Apr/2021:16:21:52 +0000] "GET /images/icons/limpieza.svg HTTP/1.1" 200 3420 "http://solucionesyservicios.com.ar/" "Mozilla/5.0 AppleWebKit/537.36 (KHTML, like Gecko; compatible; Googlebot/2.1; +http://www.google.com/bot.html) Chrome/89.0.4389.99 Safari/537.36"
114.119.144.7 - - [01/Apr/2021:16:31:12 +0000] "GET /precios HTTP/1.1" 404 6609 "-" "Mozilla/5.0 (Linux; Android 7.0;) AppleWebKit/537.36 (KHTML, like Gecko) Mobile Safari/537.36 (compatible; PetalBot;+https://aspiegel.com/petalbot)"
66.249.69.5 - - [01/Apr/2021:16:53:26 +0000] "GET / HTTP/1.1" 200 17571 "-" "Mozilla/5.0 (Linux; Android 6.0.1; Nexus 5X Build/MMB29P) AppleWebKit/537.36 (KHTML, like Gecko) Chrome/89.0.4389.102 Mobile Safari/537.36 (compatible; Googlebot/2.1; +http://www.google.com/bot.html)"
66.249.69.5 - - [01/Apr/2021:17:20:42 +0000] "GET /images/icons/confianza.svg HTTP/1.1" 200 2781 "-" "Googlebot-Image/1.0"
190.112.56.176 - - [01/Apr/2021:19:44:57 +0000] "GET / HTTP/1.1" 200 17571 "https://www.google.com/" "Mozilla/5.0 (Windows NT 6.1; Win64; x64) AppleWebKit/537.36 (KHTML, like Gecko) Chrome/89.0.4389.90 Safari/537.36"
190.112.56.176 - - [01/Apr/2021:19:44:57 +0000] "GET /css/icomoon/style.css HTTP/1.1" 200 888 "http://solucionesyservicios.com.ar/" "Mozilla/5.0 (Windows NT 6.1; Win64; x64) AppleWebKit/537.36 (KHTML, like Gecko) Chrome/89.0.4389.90 Safari/537.36"
190.112.56.176 - - [01/Apr/2021:19:44:57 +0000] "GET /images/logo-horizontal.svg HTTP/1.1" 200 9571 "http://solucionesyservicios.com.ar/" "Mozilla/5.0 (Windows NT 6.1; Win64; x64) AppleWebKit/537.36 (KHTML, like Gecko) Chrome/89.0.4389.90 Safari/537.36"
190.112.56.176 - - [01/Apr/2021:19:44:57 +0000] "GET /images/icons/smartphone.svg HTTP/1.1" 200 757 "http://solucionesyservicios.com.ar/" "Mozilla/5.0 (Windows NT 6.1; Win64; x64) AppleWebKit/537.36 (KHTML, like Gecko) Chrome/89.0.4389.90 Safari/537.36"
190.112.56.176 - - [01/Apr/2021:19:44:57 +0000] "GET /images/icons/facebook.svg HTTP/1.1" 200 656 "http://solucionesyservicios.com.ar/" "Mozilla/5.0 (Windows NT 6.1; Win64; x64) AppleWebKit/537.36 (KHTML, like Gecko) Chrome/89.0.4389.90 Safari/537.36"
190.112.56.176 - - [01/Apr/2021:19:44:57 +0000] "GET /images/icons/instagram.svg HTTP/1.1" 200 1232 "http://solucionesyservicios.com.ar/" "Mozilla/5.0 (Windows NT 6.1; Win64; x64) AppleWebKit/537.36 (KHTML, like Gecko) Chrome/89.0.4389.90 Safari/537.36"
190.112.56.176 - - [01/Apr/2021:19:44:58 +0000] "GET /images/about-us.webp HTTP/1.1" 200 59118 "http://solucionesyservicios.com.ar/" "Mozilla/5.0 (Windows NT 6.1; Win64; x64) AppleWebKit/537.36 (KHTML, like Gecko) Chrome/89.0.4389.90 Safari/537.36"
190.112.56.176 - - [01/Apr/2021:19:44:58 +0000] "GET /images/icons/calidad.svg HTTP/1.1" 200 2040 "http://solucionesyservicios.com.ar/" "Mozilla/5.0 (Windows NT 6.1; Win64; x64) AppleWebKit/537.36 (KHTML, like Gecko) Chrome/89.0.4389.90 Safari/537.36"
190.112.56.176 - - [01/Apr/2021:19:44:58 +0000] "GET /images/icons/confianza.svg HTTP/1.1" 200 2781 "http://solucionesyservicios.com.ar/" "Mozilla/5.0 (Windows NT 6.1; Win64; x64) AppleWebKit/537.36 (KHTML, like Gecko) Chrome/89.0.4389.90 Safari/537.36"
190.112.56.176 - - [01/Apr/2021:19:44:58 +0000] "GET /images/icons/honestidad.svg HTTP/1.1" 200 1359 "http://solucionesyservicios.com.ar/" "Mozilla/5.0 (Windows NT 6.1; Win64; x64) AppleWebKit/537.36 (KHTML, like Gecko) Chrome/89.0.4389.90 Safari/537.36"
190.112.56.176 - - [01/Apr/2021:19:44:58 +0000] "GET /images/icons/limpieza.svg HTTP/1.1" 200 3420 "http://solucionesyservicios.com.ar/" "Mozilla/5.0 (Windows NT 6.1; Win64; x64) AppleWebKit/537.36 (KHTML, like Gecko) Chrome/89.0.4389.90 Safari/537.36"
190.112.56.176 - - [01/Apr/2021:19:44:58 +0000] "GET /images/icons/piscina.svg HTTP/1.1" 200 2577 "http://solucionesyservicios.com.ar/" "Mozilla/5.0 (Windows NT 6.1; Win64; x64) AppleWebKit/537.36 (KHTML, like Gecko) Chrome/89.0.4389.90 Safari/537.36"
190.112.56.176 - - [01/Apr/2021:19:44:58 +0000] "GET /images/icons/mantenimiento-edificios.svg HTTP/1.1" 200 5765 "http://solucionesyservicios.com.ar/" "Mozilla/5.0 (Windows NT 6.1; Win64; x64) AppleWebKit/537.36 (KHTML, like Gecko) Chrome/89.0.4389.90 Safari/537.36"
190.112.56.176 - - [01/Apr/2021:19:44:58 +0000] "GET /images/icons/jardineria.svg HTTP/1.1" 200 3216 "http://solucionesyservicios.com.ar/" "Mozilla/5.0 (Windows NT 6.1; Win64; x64) AppleWebKit/537.36 (KHTML, like Gecko) Chrome/89.0.4389.90 Safari/537.36"
190.112.56.176 - - [01/Apr/2021:19:44:58 +0000] "GET /images/icons/email.svg HTTP/1.1" 200 1984 "http://solucionesyservicios.com.ar/" "Mozilla/5.0 (Windows NT 6.1; Win64; x64) AppleWebKit/537.36 (KHTML, like Gecko) Chrome/89.0.4389.90 Safari/537.36"
190.112.56.176 - - [01/Apr/2021:19:44:58 +0000] "GET /images/icons/whatsapp.svg HTTP/1.1" 200 1856 "http://solucionesyservicios.com.ar/" "Mozilla/5.0 (Windows NT 6.1; Win64; x64) AppleWebKit/537.36 (KHTML, like Gecko) Chrome/89.0.4389.90 Safari/537.36"
190.112.56.176 - - [01/Apr/2021:19:44:58 +0000] "GET /images/logo-vertical-white.svg HTTP/1.1" 200 9582 "http://solucionesyservicios.com.ar/" "Mozilla/5.0 (Windows NT 6.1; Win64; x64) AppleWebKit/537.36 (KHTML, like Gecko) Chrome/89.0.4389.90 Safari/537.36"
190.112.56.176 - - [01/Apr/2021:19:44:58 +0000] "GET /images/logo-horizontal-white.svg HTTP/1.1" 200 9493 "http://solucionesyservicios.com.ar/" "Mozilla/5.0 (Windows NT 6.1; Win64; x64) AppleWebKit/537.36 (KHTML, like Gecko) Chrome/89.0.4389.90 Safari/537.36"
190.112.56.176 - - [01/Apr/2021:19:44:58 +0000] "GET /images/icons/footer-smartphone.svg HTTP/1.1" 200 1143 "http://solucionesyservicios.com.ar/" "Mozilla/5.0 (Windows NT 6.1; Win64; x64) AppleWebKit/537.36 (KHTML, like Gecko) Chrome/89.0.4389.90 Safari/537.36"
190.112.56.176 - - [01/Apr/2021:19:44:57 +0000] "GET /js/app.js HTTP/1.1" 200 611223 "http://solucionesyservicios.com.ar/" "Mozilla/5.0 (Windows NT 6.1; Win64; x64) AppleWebKit/537.36 (KHTML, like Gecko) Chrome/89.0.4389.90 Safari/537.36"
190.112.56.176 - - [01/Apr/2021:19:44:59 +0000] "GET /images/icons/footer-email.svg HTTP/1.1" 200 1199 "http://solucionesyservicios.com.ar/" "Mozilla/5.0 (Windows NT 6.1; Win64; x64) AppleWebKit/537.36 (KHTML, like Gecko) Chrome/89.0.4389.90 Safari/537.36"
190.112.56.176 - - [01/Apr/2021:19:44:59 +0000] "GET /images/icons/footer-location.svg HTTP/1.1" 200 1034 "http://solucionesyservicios.com.ar/" "Mozilla/5.0 (Windows NT 6.1; Win64; x64) AppleWebKit/537.36 (KHTML, like Gecko) Chrome/89.0.4389.90 Safari/537.36"
190.112.56.176 - - [01/Apr/2021:19:44:57 +0000] "GET /css/app.css HTTP/1.1" 200 4214480 "http://solucionesyservicios.com.ar/" "Mozilla/5.0 (Windows NT 6.1; Win64; x64) AppleWebKit/537.36 (KHTML, like Gecko) Chrome/89.0.4389.90 Safari/537.36"
190.112.56.176 - - [01/Apr/2021:19:45:29 +0000] "GET /images/cover.webp HTTP/1.1" 200 66298 "http://solucionesyservicios.com.ar/" "Mozilla/5.0 (Windows NT 6.1; Win64; x64) AppleWebKit/537.36 (KHTML, like Gecko) Chrome/89.0.4389.90 Safari/537.36"
190.112.56.176 - - [01/Apr/2021:19:45:29 +0000] "GET /images/contacto.webp HTTP/1.1" 200 45078 "http://solucionesyservicios.com.ar/" "Mozilla/5.0 (Windows NT 6.1; Win64; x64) AppleWebKit/537.36 (KHTML, like Gecko) Chrome/89.0.4389.90 Safari/537.36"
190.112.56.176 - - [01/Apr/2021:19:45:29 +0000] "GET /css/icomoon/fonts/icomoon.ttf?q69hj2 HTTP/1.1" 200 1272 "http://solucionesyservicios.com.ar/css/icomoon/style.css" "Mozilla/5.0 (Windows NT 6.1; Win64; x64) AppleWebKit/537.36 (KHTML, like Gecko) Chrome/89.0.4389.90 Safari/537.36"
190.112.56.176 - - [01/Apr/2021:19:45:29 +0000] "GET /images/area-hogar.webp HTTP/1.1" 200 49080 "http://solucionesyservicios.com.ar/" "Mozilla/5.0 (Windows NT 6.1; Win64; x64) AppleWebKit/537.36 (KHTML, like Gecko) Chrome/89.0.4389.90 Safari/537.36"
190.112.56.176 - - [01/Apr/2021:19:45:29 +0000] "GET /images/area-industria.webp HTTP/1.1" 200 75660 "http://solucionesyservicios.com.ar/" "Mozilla/5.0 (Windows NT 6.1; Win64; x64) AppleWebKit/537.36 (KHTML, like Gecko) Chrome/89.0.4389.90 Safari/537.36"
190.112.56.176 - - [01/Apr/2021:19:45:29 +0000] "GET /images/area-sanatorio.webp HTTP/1.1" 200 34614 "http://solucionesyservicios.com.ar/" "Mozilla/5.0 (Windows NT 6.1; Win64; x64) AppleWebKit/537.36 (KHTML, like Gecko) Chrome/89.0.4389.90 Safari/537.36"
190.112.56.176 - - [01/Apr/2021:19:45:29 +0000] "GET /images/area-edificio.webp HTTP/1.1" 200 74128 "http://solucionesyservicios.com.ar/" "Mozilla/5.0 (Windows NT 6.1; Win64; x64) AppleWebKit/537.36 (KHTML, like Gecko) Chrome/89.0.4389.90 Safari/537.36"
190.112.56.176 - - [01/Apr/2021:19:45:30 +0000] "GET /favicon.ico HTTP/1.1" 200 - "http://solucionesyservicios.com.ar/" "Mozilla/5.0 (Windows NT 6.1; Win64; x64) AppleWebKit/537.36 (KHTML, like Gecko) Chrome/89.0.4389.90 Safari/537.36"
66.249.72.40 - - [01/Apr/2021:21:45:52 +0000] "GET /robots.txt HTTP/1.1" 200 24 "-" "Mozilla/5.0 (compatible; Googlebot/2.1; +http://www.google.com/bot.html)"
66.249.72.42 - - [01/Apr/2021:21:45:52 +0000] "GET / HTTP/1.1" 200 17691 "-" "Mozilla/5.0 (Linux; Android 6.0.1; Nexus 5X Build/MMB29P) AppleWebKit/537.36 (KHTML, like Gecko) Chrome/89.0.4389.102 Mobile Safari/537.36 (compatible; Googlebot/2.1; +http://www.google.com/bot.html)"
66.249.69.7 - - [01/Apr/2021:23:13:55 +0000] "GET /robots.txt HTTP/1.1" 200 24 "-" "Mozilla/5.0 (compatible; Googlebot/2.1; +http://www.google.com/bot.html)"
66.249.69.5 - - [01/Apr/2021:23:13:55 +0000] "GET /images/icons/limpieza.svg HTTP/1.1" 200 3420 "-" "Googlebot-Image/1.0"
66.249.69.3 - - [01/Apr/2021:23:45:40 +0000] "GET /images/icons/jardineria.svg HTTP/1.1" 200 3216 "-" "Googlebot-Image/1.0"
66.249.72.44 - - [02/Apr/2021:02:20:18 +0000] "GET /images/logo-vertical-white.svg HTTP/1.1" 200 9582 "-" "Googlebot-Image/1.0"
66.249.69.3 - - [02/Apr/2021:02:40:34 +0000] "GET /images/logo-horizontal-white.svg HTTP/1.1" 200 9493 "-" "Googlebot-Image/1.0"
114.119.156.250 - - [02/Apr/2021:03:40:22 +0000] "GET /contacto HTTP/1.1" 404 6609 "-" "Mozilla/5.0 (Linux; Android 7.0;) AppleWebKit/537.36 (KHTML, like Gecko) Mobile Safari/537.36 (compatible; PetalBot;+https://aspiegel.com/petalbot)"
2803:9800:a803:8311:f4d3:4ba0:6778:e921 - - [02/Apr/2021:07:35:18 +0000] "GET / HTTP/1.1" 200 17571 "-" "-"
114.119.135.225 - - [02/Apr/2021:08:58:43 +0000] "GET /robots.txt HTTP/1.1" 200 24 "-" "(compatible;PetalBot;+https://aspiegel.com/petalbot)"
66.249.72.44 - - [02/Apr/2021:23:01:25 +0000] "GET /robots.txt HTTP/1.1" 200 24 "-" "Mozilla/5.0 (compatible; Googlebot/2.1; +http://www.google.com/bot.html)"
66.249.72.40 - - [02/Apr/2021:23:01:25 +0000] "GET / HTTP/1.1" 200 17691 "-" "Mozilla/5.0 (Linux; Android 6.0.1; Nexus 5X Build/MMB29P) AppleWebKit/537.36 (KHTML, like Gecko) Chrome/89.0.4389.102 Mobile Safari/537.36 (compatible; Googlebot/2.1; +http://www.google.com/bot.html)"
66.249.69.5 - - [03/Apr/2021:02:42:35 +0000] "GET /robots.txt HTTP/1.1" 200 24 "-" "Mozilla/5.0 (compatible; Googlebot/2.1; +http://www.google.com/bot.html)"
66.249.69.3 - - [03/Apr/2021:02:42:35 +0000] "GET /servicio-de-jardineria HTTP/1.1" 404 6609 "-" "Mozilla/5.0 (compatible; Googlebot/2.1; +http://www.google.com/bot.html)"
114.119.159.8 - - [03/Apr/2021:03:15:23 +0000] "GET /robots.txt HTTP/1.1" 200 24 "-" "(compatible;PetalBot;+https://aspiegel.com/petalbot)"
66.249.69.5 - - [03/Apr/2021:07:16:50 +0000] "GET /nosotros HTTP/1.1" 404 6609 "-" "Mozilla/5.0 (Linux; Android 6.0.1; Nexus 5X Build/MMB29P) AppleWebKit/537.36 (KHTML, like Gecko) Chrome/89.0.4389.102 Mobile Safari/537.36 (compatible; Googlebot/2.1; +http://www.google.com/bot.html)"
66.249.72.42 - - [03/Apr/2021:08:35:23 +0000] "GET / HTTP/1.1" 200 17691 "-" "Mozilla/5.0 (Linux; Android 6.0.1; Nexus 5X Build/MMB29P) AppleWebKit/537.36 (KHTML, like Gecko) Chrome/89.0.4389.102 Mobile Safari/537.36 (compatible; Googlebot/2.1; +http://www.google.com/bot.html)"
114.119.157.96 - - [03/Apr/2021:16:23:50 +0000] "GET /limpieza-de-sillas-de-oficinas HTTP/1.1" 404 6609 "-" "Mozilla/5.0 (Linux; Android 7.0;) AppleWebKit/537.36 (KHTML, like Gecko) Mobile Safari/537.36 (compatible; PetalBot;+https://aspiegel.com/petalbot)"
66.249.72.44 - - [03/Apr/2021:18:12:18 +0000] "GET / HTTP/1.1" 200 17691 "-" "Mozilla/5.0 (Linux; Android 6.0.1; Nexus 5X Build/MMB29P) AppleWebKit/537.36 (KHTML, like Gecko) Chrome/89.0.4389.102 Mobile Safari/537.36 (compatible; Googlebot/2.1; +http://www.google.com/bot.html)"
66.249.72.40 - - [03/Apr/2021:20:02:22 +0000] "GET / HTTP/1.1" 200 17691 "-" "Mozilla/5.0 (compatible; Googlebot/2.1; +http://www.google.com/bot.html)"
66.249.72.40 - - [03/Apr/2021:20:02:31 +0000] "GET /images/icons/jardineria.svg HTTP/1.1" 200 3216 "http://www.solucionesyservicios.com.ar/" "Mozilla/5.0 AppleWebKit/537.36 (KHTML, like Gecko; compatible; Googlebot/2.1; +http://www.google.com/bot.html) Chrome/89.0.4389.112 Safari/537.36"
114.119.131.218 - - [03/Apr/2021:21:40:05 +0000] "GET /robots.txt HTTP/1.1" 200 24 "-" "(compatible;PetalBot;+https://aspiegel.com/petalbot)"
66.249.69.3 - - [03/Apr/2021:22:42:24 +0000] "GET / HTTP/1.1" 200 17571 "-" "Mozilla/5.0 (compatible; Googlebot/2.1; +http://www.google.com/bot.html)"
114.119.128.89 - - [03/Apr/2021:23:54:53 +0000] "GET /limpieza-y-mantenimiento-de-edificios HTTP/1.1" 404 6609 "-" "Mozilla/5.0 (Linux; Android 7.0;) AppleWebKit/537.36 (KHTML, like Gecko) Mobile Safari/537.36 (compatible; PetalBot;+https://aspiegel.com/petalbot)"
66.249.72.42 - - [03/Apr/2021:23:54:54 +0000] "GET /robots.txt HTTP/1.1" 200 24 "-" "Mozilla/5.0 (compatible; Googlebot/2.1; +http://www.google.com/bot.html)"
66.249.72.40 - - [03/Apr/2021:23:54:54 +0000] "GET /favicon.ico HTTP/1.1" 200 - "-" "Googlebot-Image/1.0"
66.249.69.3 - - [04/Apr/2021:01:54:54 +0000] "GET /images/logo-vertical-white.svg HTTP/1.1" 200 9582 "-" "Googlebot-Image/1.0"
66.249.72.42 - - [04/Apr/2021:03:23:45 +0000] "GET / HTTP/1.1" 200 17691 "-" "Mozilla/5.0 (Linux; Android 6.0.1; Nexus 5X Build/MMB29P) AppleWebKit/537.36 (KHTML, like Gecko) Chrome/89.0.4389.102 Mobile Safari/537.36 (compatible; Googlebot/2.1; +http://www.google.com/bot.html)"
66.249.72.44 - - [04/Apr/2021:05:23:57 +0000] "GET / HTTP/1.1" 200 17691 "-" "Mozilla/5.0 (compatible; Googlebot/2.1; +http://www.google.com/bot.html)"
66.249.72.40 - - [04/Apr/2021:06:03:53 +0000] "GET /images/icons/jardineria.svg HTTP/1.1" 200 3216 "-" "Googlebot-Image/1.0"
66.249.69.3 - - [04/Apr/2021:08:05:04 +0000] "GET /robots.txt HTTP/1.1" 200 24 "-" "Mozilla/5.0 (compatible; Googlebot/2.1; +http://www.google.com/bot.html)"
66.249.69.5 - - [04/Apr/2021:08:05:04 +0000] "GET / HTTP/1.1" 200 17571 "-" "Mozilla/5.0 (compatible; Googlebot/2.1; +http://www.google.com/bot.html)"
114.119.140.217 - - [04/Apr/2021:12:13:16 +0000] "GET /limpieza-de-sofas HTTP/1.1" 404 6609 "-" "Mozilla/5.0 (Linux; Android 7.0;) AppleWebKit/537.36 (KHTML, like Gecko) Mobile Safari/537.36 (compatible; PetalBot;+https://aspiegel.com/petalbot)"
66.249.72.44 - - [04/Apr/2021:12:47:23 +0000] "GET / HTTP/1.1" 200 17691 "-" "Mozilla/5.0 (Linux; Android 6.0.1; Nexus 5X Build/MMB29P) AppleWebKit/537.36 (KHTML, like Gecko) Chrome/89.0.4389.102 Mobile Safari/537.36 (compatible; Googlebot/2.1; +http://www.google.com/bot.html)"
66.249.72.44 - - [04/Apr/2021:14:07:15 +0000] "GET / HTTP/1.1" 200 17691 "-" "Mozilla/5.0 (compatible; Googlebot/2.1; +http://www.google.com/bot.html)"
114.119.152.167 - - [04/Apr/2021:16:15:17 +0000] "GET /robots.txt HTTP/1.1" 200 24 "-" "(compatible;PetalBot;+https://aspiegel.com/petalbot)"
114.119.152.161 - - [04/Apr/2021:16:24:25 +0000] "GET /limpieza-de-sommiers-y-camas HTTP/1.1" 404 6609 "-" "Mozilla/5.0 (Linux; Android 7.0;) AppleWebKit/537.36 (KHTML, like Gecko) Mobile Safari/537.36 (compatible; PetalBot;+https://aspiegel.com/petalbot)"
66.249.69.5 - - [04/Apr/2021:17:38:33 +0000] "GET / HTTP/1.1" 200 17571 "-" "Mozilla/5.0 (compatible; Googlebot/2.1; +http://www.google.com/bot.html)"
64.246.165.190 - - [04/Apr/2021:21:26:42 +0000] "GET /robots.txt HTTP/1.0" 200 24 "-" "Mozilla/5.0 (Macintosh; Intel Mac OS X 10.10; rv:59.0) Gecko/20100101 Firefox/59.0"
64.246.165.190 - - [04/Apr/2021:21:26:42 +0000] "GET / HTTP/1.1" 200 17691 "-" "Mozilla/5.0 (Macintosh; Intel Mac OS X 10.10; rv:59.0) Gecko/20100101 Firefox/59.0"
66.249.72.44 - - [04/Apr/2021:22:20:41 +0000] "GET / HTTP/1.1" 200 17691 "-" "Mozilla/5.0 (Linux; Android 6.0.1; Nexus 5X Build/MMB29P) AppleWebKit/537.36 (KHTML, like Gecko) Chrome/89.0.4389.102 Mobile Safari/537.36 (compatible; Googlebot/2.1; +http://www.google.com/bot.html)"
66.249.72.40 - - [04/Apr/2021:22:20:44 +0000] "GET /images/logo-horizontal.svg HTTP/1.1" 200 9571 "http://www.solucionesyservicios.com.ar/" "Mozilla/5.0 (Linux; Android 6.0.1; Nexus 5X Build/MMB29P) AppleWebKit/537.36 (KHTML, like Gecko) Chrome/89.0.4389.112 Mobile Safari/537.36 (compatible; Googlebot/2.1; +http://www.google.com/bot.html)"
66.249.72.40 - - [04/Apr/2021:22:20:44 +0000] "GET /images/icons/confianza.svg HTTP/1.1" 200 2781 "http://www.solucionesyservicios.com.ar/" "Mozilla/5.0 (Linux; Android 6.0.1; Nexus 5X Build/MMB29P) AppleWebKit/537.36 (KHTML, like Gecko) Chrome/89.0.4389.112 Mobile Safari/537.36 (compatible; Googlebot/2.1; +http://www.google.com/bot.html)"
66.249.72.40 - - [04/Apr/2021:22:20:45 +0000] "GET /images/icons/honestidad.svg HTTP/1.1" 200 1359 "http://www.solucionesyservicios.com.ar/" "Mozilla/5.0 (Linux; Android 6.0.1; Nexus 5X Build/MMB29P) AppleWebKit/537.36 (KHTML, like Gecko) Chrome/89.0.4389.112 Mobile Safari/537.36 (compatible; Googlebot/2.1; +http://www.google.com/bot.html)"
66.249.72.44 - - [04/Apr/2021:22:30:52 +0000] "GET / HTTP/1.1" 200 17691 "-" "Mozilla/5.0 (compatible; Googlebot/2.1; +http://www.google.com/bot.html)"
66.249.69.5 - - [05/Apr/2021:02:32:50 +0000] "GET / HTTP/1.1" 200 17571 "-" "Mozilla/5.0 (compatible; Googlebot/2.1; +http://www.google.com/bot.html)"
35.185.241.102 - - [05/Apr/2021:03:36:17 +0000] "GET / HTTP/1.1" 200 17691 "-" "Mozilla/5.0 (Windows NT 6.1; WOW64; Trident/7.0; rv:11.0) like Gecko"
2800:810:46e:159a:718e:b718:b866:d17e - - [05/Apr/2021:03:36:17 +0000] "GET / HTTP/1.1" 200 17691 "https://www.google.com/" "Mozilla/5.0 (Windows NT 10.0; Win64; x64) AppleWebKit/537.36 (KHTML, like Gecko) Chrome/89.0.4389.114 Safari/537.36"
2800:810:46e:159a:718e:b718:b866:d17e - - [05/Apr/2021:03:36:18 +0000] "GET /css/icomoon/style.css HTTP/1.1" 200 888 "http://www.solucionesyservicios.com.ar/" "Mozilla/5.0 (Windows NT 10.0; Win64; x64) AppleWebKit/537.36 (KHTML, like Gecko) Chrome/89.0.4389.114 Safari/537.36"
2800:810:46e:159a:718e:b718:b866:d17e - - [05/Apr/2021:03:36:18 +0000] "GET /images/logo-horizontal.svg HTTP/1.1" 200 9571 "http://www.solucionesyservicios.com.ar/" "Mozilla/5.0 (Windows NT 10.0; Win64; x64) AppleWebKit/537.36 (KHTML, like Gecko) Chrome/89.0.4389.114 Safari/537.36"
2800:810:46e:159a:718e:b718:b866:d17e - - [05/Apr/2021:03:36:18 +0000] "GET /images/icons/smartphone.svg HTTP/1.1" 200 757 "http://www.solucionesyservicios.com.ar/" "Mozilla/5.0 (Windows NT 10.0; Win64; x64) AppleWebKit/537.36 (KHTML, like Gecko) Chrome/89.0.4389.114 Safari/537.36"
2800:810:46e:159a:718e:b718:b866:d17e - - [05/Apr/2021:03:36:18 +0000] "GET /images/icons/facebook.svg HTTP/1.1" 200 656 "http://www.solucionesyservicios.com.ar/" "Mozilla/5.0 (Windows NT 10.0; Win64; x64) AppleWebKit/537.36 (KHTML, like Gecko) Chrome/89.0.4389.114 Safari/537.36"
2800:810:46e:159a:718e:b718:b866:d17e - - [05/Apr/2021:03:36:18 +0000] "GET /images/icons/instagram.svg HTTP/1.1" 200 1232 "http://www.solucionesyservicios.com.ar/" "Mozilla/5.0 (Windows NT 10.0; Win64; x64) AppleWebKit/537.36 (KHTML, like Gecko) Chrome/89.0.4389.114 Safari/537.36"
2800:810:46e:159a:718e:b718:b866:d17e - - [05/Apr/2021:03:36:18 +0000] "GET /js/app.js HTTP/1.1" 200 611223 "http://www.solucionesyservicios.com.ar/" "Mozilla/5.0 (Windows NT 10.0; Win64; x64) AppleWebKit/537.36 (KHTML, like Gecko) Chrome/89.0.4389.114 Safari/537.36"
2800:810:46e:159a:718e:b718:b866:d17e - - [05/Apr/2021:03:36:18 +0000] "GET /images/about-us.webp HTTP/1.1" 200 59118 "http://www.solucionesyservicios.com.ar/" "Mozilla/5.0 (Windows NT 10.0; Win64; x64) AppleWebKit/537.36 (KHTML, like Gecko) Chrome/89.0.4389.114 Safari/537.36"
2800:810:46e:159a:718e:b718:b866:d17e - - [05/Apr/2021:03:36:19 +0000] "GET /images/icons/limpieza.svg HTTP/1.1" 200 3420 "http://www.solucionesyservicios.com.ar/" "Mozilla/5.0 (Windows NT 10.0; Win64; x64) AppleWebKit/537.36 (KHTML, like Gecko) Chrome/89.0.4389.114 Safari/537.36"
2800:810:46e:159a:718e:b718:b866:d17e - - [05/Apr/2021:03:36:19 +0000] "GET /images/icons/calidad.svg HTTP/1.1" 200 2040 "http://www.solucionesyservicios.com.ar/" "Mozilla/5.0 (Windows NT 10.0; Win64; x64) AppleWebKit/537.36 (KHTML, like Gecko) Chrome/89.0.4389.114 Safari/537.36"
2800:810:46e:159a:718e:b718:b866:d17e - - [05/Apr/2021:03:36:19 +0000] "GET /images/icons/confianza.svg HTTP/1.1" 200 2781 "http://www.solucionesyservicios.com.ar/" "Mozilla/5.0 (Windows NT 10.0; Win64; x64) AppleWebKit/537.36 (KHTML, like Gecko) Chrome/89.0.4389.114 Safari/537.36"
2800:810:46e:159a:718e:b718:b866:d17e - - [05/Apr/2021:03:36:19 +0000] "GET /images/icons/piscina.svg HTTP/1.1" 200 2577 "http://www.solucionesyservicios.com.ar/" "Mozilla/5.0 (Windows NT 10.0; Win64; x64) AppleWebKit/537.36 (KHTML, like Gecko) Chrome/89.0.4389.114 Safari/537.36"
2800:810:46e:159a:718e:b718:b866:d17e - - [05/Apr/2021:03:36:19 +0000] "GET /images/icons/mantenimiento-edificios.svg HTTP/1.1" 200 5765 "http://www.solucionesyservicios.com.ar/" "Mozilla/5.0 (Windows NT 10.0; Win64; x64) AppleWebKit/537.36 (KHTML, like Gecko) Chrome/89.0.4389.114 Safari/537.36"
2800:810:46e:159a:718e:b718:b866:d17e - - [05/Apr/2021:03:36:19 +0000] "GET /images/icons/honestidad.svg HTTP/1.1" 200 1359 "http://www.solucionesyservicios.com.ar/" "Mozilla/5.0 (Windows NT 10.0; Win64; x64) AppleWebKit/537.36 (KHTML, like Gecko) Chrome/89.0.4389.114 Safari/537.36"
2800:810:46e:159a:718e:b718:b866:d17e - - [05/Apr/2021:03:36:19 +0000] "GET /images/icons/jardineria.svg HTTP/1.1" 200 3216 "http://www.solucionesyservicios.com.ar/" "Mozilla/5.0 (Windows NT 10.0; Win64; x64) AppleWebKit/537.36 (KHTML, like Gecko) Chrome/89.0.4389.114 Safari/537.36"
2800:810:46e:159a:718e:b718:b866:d17e - - [05/Apr/2021:03:36:19 +0000] "GET /images/icons/email.svg HTTP/1.1" 200 1984 "http://www.solucionesyservicios.com.ar/" "Mozilla/5.0 (Windows NT 10.0; Win64; x64) AppleWebKit/537.36 (KHTML, like Gecko) Chrome/89.0.4389.114 Safari/537.36"
2800:810:46e:159a:718e:b718:b866:d17e - - [05/Apr/2021:03:36:19 +0000] "GET /images/icons/whatsapp.svg HTTP/1.1" 200 1856 "http://www.solucionesyservicios.com.ar/" "Mozilla/5.0 (Windows NT 10.0; Win64; x64) AppleWebKit/537.36 (KHTML, like Gecko) Chrome/89.0.4389.114 Safari/537.36"
2800:810:46e:159a:718e:b718:b866:d17e - - [05/Apr/2021:03:36:19 +0000] "GET /css/icomoon/fonts/icomoon.ttf?q69hj2 HTTP/1.1" 200 1272 "http://www.solucionesyservicios.com.ar/css/icomoon/style.css" "Mozilla/5.0 (Windows NT 10.0; Win64; x64) AppleWebKit/537.36 (KHTML, like Gecko) Chrome/89.0.4389.114 Safari/537.36"
2800:810:46e:159a:718e:b718:b866:d17e - - [05/Apr/2021:03:36:19 +0000] "GET /images/logo-vertical-white.svg HTTP/1.1" 200 9582 "http://www.solucionesyservicios.com.ar/" "Mozilla/5.0 (Windows NT 10.0; Win64; x64) AppleWebKit/537.36 (KHTML, like Gecko) Chrome/89.0.4389.114 Safari/537.36"
2800:810:46e:159a:718e:b718:b866:d17e - - [05/Apr/2021:03:36:19 +0000] "GET /images/logo-horizontal-white.svg HTTP/1.1" 200 9493 "http://www.solucionesyservicios.com.ar/" "Mozilla/5.0 (Windows NT 10.0; Win64; x64) AppleWebKit/537.36 (KHTML, like Gecko) Chrome/89.0.4389.114 Safari/537.36"
2800:810:46e:159a:718e:b718:b866:d17e - - [05/Apr/2021:03:36:18 +0000] "GET /css/app.css HTTP/1.1" 200 4214480 "http://www.solucionesyservicios.com.ar/" "Mozilla/5.0 (Windows NT 10.0; Win64; x64) AppleWebKit/537.36 (KHTML, like Gecko) Chrome/89.0.4389.114 Safari/537.36"
2800:810:46e:159a:718e:b718:b866:d17e - - [05/Apr/2021:03:36:19 +0000] "GET /images/icons/footer-smartphone.svg HTTP/1.1" 200 1143 "http://www.solucionesyservicios.com.ar/" "Mozilla/5.0 (Windows NT 10.0; Win64; x64) AppleWebKit/537.36 (KHTML, like Gecko) Chrome/89.0.4389.114 Safari/537.36"
2800:810:46e:159a:718e:b718:b866:d17e - - [05/Apr/2021:03:36:19 +0000] "GET /images/icons/footer-email.svg HTTP/1.1" 200 1199 "http://www.solucionesyservicios.com.ar/" "Mozilla/5.0 (Windows NT 10.0; Win64; x64) AppleWebKit/537.36 (KHTML, like Gecko) Chrome/89.0.4389.114 Safari/537.36"
2800:810:46e:159a:718e:b718:b866:d17e - - [05/Apr/2021:03:36:19 +0000] "GET /images/icons/footer-location.svg HTTP/1.1" 200 1034 "http://www.solucionesyservicios.com.ar/" "Mozilla/5.0 (Windows NT 10.0; Win64; x64) AppleWebKit/537.36 (KHTML, like Gecko) Chrome/89.0.4389.114 Safari/537.36"
2800:810:46e:159a:718e:b718:b866:d17e - - [05/Apr/2021:03:36:19 +0000] "GET /images/cover.webp HTTP/1.1" 200 66298 "http://www.solucionesyservicios.com.ar/" "Mozilla/5.0 (Windows NT 10.0; Win64; x64) AppleWebKit/537.36 (KHTML, like Gecko) Chrome/89.0.4389.114 Safari/537.36"
2800:810:46e:159a:718e:b718:b866:d17e - - [05/Apr/2021:03:36:19 +0000] "GET /images/contacto.webp HTTP/1.1" 200 45078 "http://www.solucionesyservicios.com.ar/" "Mozilla/5.0 (Windows NT 10.0; Win64; x64) AppleWebKit/537.36 (KHTML, like Gecko) Chrome/89.0.4389.114 Safari/537.36"
2800:810:46e:159a:718e:b718:b866:d17e - - [05/Apr/2021:03:36:19 +0000] "GET /images/area-hogar.webp HTTP/1.1" 200 49080 "http://www.solucionesyservicios.com.ar/" "Mozilla/5.0 (Windows NT 10.0; Win64; x64) AppleWebKit/537.36 (KHTML, like Gecko) Chrome/89.0.4389.114 Safari/537.36"
2800:810:46e:159a:718e:b718:b866:d17e - - [05/Apr/2021:03:36:19 +0000] "GET /images/area-industria.webp HTTP/1.1" 200 75660 "http://www.solucionesyservicios.com.ar/" "Mozilla/5.0 (Windows NT 10.0; Win64; x64) AppleWebKit/537.36 (KHTML, like Gecko) Chrome/89.0.4389.114 Safari/537.36"
2800:810:46e:159a:718e:b718:b866:d17e - - [05/Apr/2021:03:36:19 +0000] "GET /images/area-sanatorio.webp HTTP/1.1" 200 34614 "http://www.solucionesyservicios.com.ar/" "Mozilla/5.0 (Windows NT 10.0; Win64; x64) AppleWebKit/537.36 (KHTML, like Gecko) Chrome/89.0.4389.114 Safari/537.36"
2800:810:46e:159a:718e:b718:b866:d17e - - [05/Apr/2021:03:36:20 +0000] "GET /images/area-edificio.webp HTTP/1.1" 200 74128 "http://www.solucionesyservicios.com.ar/" "Mozilla/5.0 (Windows NT 10.0; Win64; x64) AppleWebKit/537.36 (KHTML, like Gecko) Chrome/89.0.4389.114 Safari/537.36"
2800:810:46e:159a:718e:b718:b866:d17e - - [05/Apr/2021:03:36:21 +0000] "GET /favicon.ico HTTP/1.1" 200 - "http://www.solucionesyservicios.com.ar/" "Mozilla/5.0 (Windows NT 10.0; Win64; x64) AppleWebKit/537.36 (KHTML, like Gecko) Chrome/89.0.4389.114 Safari/537.36"
66.249.72.44 - - [05/Apr/2021:07:23:13 +0000] "GET /robots.txt HTTP/1.1" 200 24 "-" "Mozilla/5.0 (compatible; Googlebot/2.1; +http://www.google.com/bot.html)"
66.249.72.44 - - [05/Apr/2021:07:23:13 +0000] "GET / HTTP/1.1" 200 17691 "-" "Mozilla/5.0 (Linux; Android 6.0.1; Nexus 5X Build/MMB29P) AppleWebKit/537.36 (KHTML, like Gecko) Chrome/89.0.4389.102 Mobile Safari/537.36 (compatible; Googlebot/2.1; +http://www.google.com/bot.html)"
66.249.72.40 - - [05/Apr/2021:09:53:33 +0000] "GET / HTTP/1.1" 200 17691 "-" "Mozilla/5.0 (compatible; Googlebot/2.1; +http://www.google.com/bot.html)"
114.119.137.108 - - [05/Apr/2021:10:48:13 +0000] "GET /robots.txt HTTP/1.1" 200 24 "-" "(compatible;PetalBot;+https://aspiegel.com/petalbot)"
104.154.163.53 - - [05/Apr/2021:11:25:40 +0000] "GET / HTTP/1.1" 200 17571 "-" "Mozilla/5.0 (X11; Linux x86_64) AppleWebKit/537.36 (KHTML, like Gecko) Chrome/61.0.3163.79 Safari/537.36"
66.249.69.7 - - [05/Apr/2021:12:24:04 +0000] "GET /robots.txt HTTP/1.1" 200 24 "-" "Mozilla/5.0 (compatible; Googlebot/2.1; +http://www.google.com/bot.html)"
66.249.69.3 - - [05/Apr/2021:12:24:04 +0000] "GET / HTTP/1.1" 200 17571 "-" "Mozilla/5.0 (compatible; Googlebot/2.1; +http://www.google.com/bot.html)"
114.119.157.96 - - [05/Apr/2021:12:27:47 +0000] "GET /eco HTTP/1.1" 404 6609 "-" "Mozilla/5.0 (Linux; Android 7.0;) AppleWebKit/537.36 (KHTML, like Gecko) Mobile Safari/537.36 (compatible; PetalBot;+https://aspiegel.com/petalbot)"
66.249.72.44 - - [05/Apr/2021:16:45:45 +0000] "GET / HTTP/1.1" 200 17691 "-" "Mozilla/5.0 (Linux; Android 6.0.1; Nexus 5X Build/MMB29P) AppleWebKit/537.36 (KHTML, like Gecko) Chrome/89.0.4389.102 Mobile Safari/537.36 (compatible; Googlebot/2.1; +http://www.google.com/bot.html)"
199.244.88.132 - - [05/Apr/2021:18:31:05 +0000] "HEAD / HTTP/1.1" 200 - "-" "Mozilla/5.0 (Macintosh; Intel Mac OS X 10_9_3) AppleWebKit/537.36 (KHTML, like Gecko) Chrome/35.0.1916.47 Safari/537.36"
66.249.72.40 - - [05/Apr/2021:19:05:20 +0000] "GET / HTTP/1.1" 200 17691 "-" "Mozilla/5.0 (compatible; Googlebot/2.1; +http://www.google.com/bot.html)"
114.119.128.89 - - [05/Apr/2021:20:43:57 +0000] "GET /limpieza-de-tapizados HTTP/1.1" 404 6609 "-" "Mozilla/5.0 (Linux; Android 7.0;) AppleWebKit/537.36 (KHTML, like Gecko) Mobile Safari/537.36 (compatible; PetalBot;+https://aspiegel.com/petalbot)"
66.249.69.7 - - [05/Apr/2021:22:06:09 +0000] "GET / HTTP/1.1" 200 17571 "-" "Mozilla/5.0 (compatible; Googlebot/2.1; +http://www.google.com/bot.html)"
66.249.72.44 - - [05/Apr/2021:23:36:56 +0000] "GET /eco HTTP/1.1" 404 6609 "-" "Mozilla/5.0 (Linux; Android 6.0.1; Nexus 5X Build/MMB29P) AppleWebKit/537.36 (KHTML, like Gecko) Chrome/89.0.4389.122 Mobile Safari/537.36 (compatible; Googlebot/2.1; +http://www.google.com/bot.html)"
66.249.72.42 - - [06/Apr/2021:02:27:28 +0000] "GET / HTTP/1.1" 200 17691 "-" "Mozilla/5.0 (Linux; Android 6.0.1; Nexus 5X Build/MMB29P) AppleWebKit/537.36 (KHTML, like Gecko) Chrome/89.0.4389.122 Mobile Safari/537.36 (compatible; Googlebot/2.1; +http://www.google.com/bot.html)"
66.249.72.40 - - [06/Apr/2021:04:07:56 +0000] "GET / HTTP/1.1" 200 17691 "-" "Mozilla/5.0 (compatible; Googlebot/2.1; +http://www.google.com/bot.html)"
114.119.139.202 - - [06/Apr/2021:05:25:52 +0000] "GET /robots.txt HTTP/1.1" 200 24 "-" "(compatible;PetalBot;+https://aspiegel.com/petalbot)"
66.249.69.5 - - [06/Apr/2021:06:59:08 +0000] "GET / HTTP/1.1" 200 17571 "-" "Mozilla/5.0 (compatible; Googlebot/2.1; +http://www.google.com/bot.html)"
66.249.69.5 - - [06/Apr/2021:10:44:42 +0000] "GET /servicio-de-mantenimiento HTTP/1.1" 404 6609 "-" "Mozilla/5.0 (compatible; Googlebot/2.1; +http://www.google.com/bot.html)"
66.249.72.40 - - [06/Apr/2021:11:19:49 +0000] "GET /robots.txt HTTP/1.1" 200 24 "-" "Mozilla/5.0 (compatible; Googlebot/2.1; +http://www.google.com/bot.html)"
66.249.72.44 - - [06/Apr/2021:11:19:49 +0000] "GET / HTTP/1.1" 200 17691 "-" "Mozilla/5.0 (Linux; Android 6.0.1; Nexus 5X Build/MMB29P) AppleWebKit/537.36 (KHTML, like Gecko) Chrome/89.0.4389.122 Mobile Safari/537.36 (compatible; Googlebot/2.1; +http://www.google.com/bot.html)"
66.249.72.44 - - [06/Apr/2021:11:19:52 +0000] "GET /images/icons/facebook.svg HTTP/1.1" 200 656 "http://www.solucionesyservicios.com.ar/" "Mozilla/5.0 (Linux; Android 6.0.1; Nexus 5X Build/MMB29P) AppleWebKit/537.36 (KHTML, like Gecko) Chrome/89.0.4389.112 Mobile Safari/537.36 (compatible; Googlebot/2.1; +http://www.google.com/bot.html)"
66.249.72.42 - - [06/Apr/2021:11:19:53 +0000] "GET /images/logo-horizontal-white.svg HTTP/1.1" 200 9493 "http://www.solucionesyservicios.com.ar/" "Mozilla/5.0 (Linux; Android 6.0.1; Nexus 5X Build/MMB29P) AppleWebKit/537.36 (KHTML, like Gecko) Chrome/89.0.4389.112 Mobile Safari/537.36 (compatible; Googlebot/2.1; +http://www.google.com/bot.html)"
